// Jest Snapshot v1, https://goo.gl/fbAQLP

exports[`render component renders component 1`] = `
<styled.div
  className="row"
>
  <div
    className="col-8"
  >
    <strong>
      name:
    </strong>
     
    <br />
    <strong>
      type:
    </strong>
     
    <br />
    <strong>
      price:
    </strong>
     
  </div>
  <div
    className="col-4"
  >
    <BeerImage
      beer={Object {}}
      onClick={[Function]}
      showImage={false}
    />
  </div>
</styled.div>
`;
